cargo-bisect-rustc 

USAGE:
    cargo <SUBCOMMAND>

OPTIONS:
    -h, --help    Print help information

SUBCOMMANDS:
    bisect-rustc    Bisects rustc toolchains with rustup
    help            Print this message or the help of the given subcommand(s)
