ERROR: --by-commit with an end date requires --start to be specified
