ERROR: end date should be on or before current date, got end date request: 9999-01-01 and current date is [..]
