ERROR: end should be after start, got start: 2024-03-05 and end 2024-03-01
