ERROR: cannot take different types of bounds for start/end, got start: Some(Commit("6cbf0926d54c80ea6d15df333be9281f65bbeb36")) and end Some(Date(2024-03-05))
