ERROR: cannot take different types of bounds for start/end, got start: Some(Date(2024-03-01)) and end Some(Commit("5257aee7dd163d21d32fa904578d4fb0f4c91b79"))
