ERROR: start date should be on or before current date, got start date request: 4000-01-01 and current date is [..]
